******************************************************************************
            TI ARM Clang Linker PC v1.3.0                      
******************************************************************************
>> Linked Thu Nov 10 09:30:32 2022

OUTPUT FILE NAME:   <simple_peripheral_LP_CC1352P7_4_tirtos7_ticlang.out>
ENTRY POINT SYMBOL: "ResetISR"  address: 0001dc19


MEMORY CONFIGURATION

         name            origin    length      used     unused   attr    fill
----------------------  --------  ---------  --------  --------  ----  --------
  FLASH                 00000000   000ae000  00025735  000888cb  R  X
  FLASH_LAST_PAGE       000ae000   00002000  00000058  00001fa8  R  X
  RTOS_SRAM             20000000   0000012c  000000d8  00000054  RW X
  SRAM                  20000fdf   00023021  000034b6  0001fb6b  RW X


SEGMENT ALLOCATION MAP

run origin  load origin   length   init length attrs members
----------  ----------- ---------- ----------- ----- -------
00000000    00000000    00021738   00021738    r-x
  00000000    00000000    0000003c   0000003c    r-- .resetVecs
  0000003c    0000003c    00000004   00000004    r-- .rodata.1
  00000040    00000040    0001e350   0001e350    r-x .text
  0001e390    0001e390    00002d5d   00002d5d    r-- .rodata.2
  000210f0    000210f0    00000648   00000648    r-- .cinit
00048000    00048000    00004000   00000000    rw-
  00048000    00048000    00004000   00000000    rw- .TI.bound:flashBuf0
000affa8    000affa8    00000058   00000058    r--
  000affa8    000affa8    00000058   00000058    r-- .ccfg
20001810    20001810    00000010   00000000    rw-
  20001810    20001810    00000010   00000000    rw- .TI.bound:dmaUart0RxControlTableEntry
20001820    20001820    00000010   00000000    rw-
  20001820    20001820    00000010   00000000    rw- .TI.bound:dmaUart0TxControlTableEntry
20001830    20001830    00000010   00000000    rw-
  20001830    20001830    00000010   00000000    rw- .TI.bound:dmaSpi0RxControlTableEntry
20001840    20001840    00000010   00000000    rw-
  20001840    20001840    00000010   00000000    rw- .TI.bound:dmaSpi0TxControlTableEntry
20001a30    20001a30    00000010   00000000    rw-
  20001a30    20001a30    00000010   00000000    rw- .TI.bound:dmaSpi0RxAltControlTableEntry
20001a40    20001a40    00003066   00000000    rw-
  20001a40    20001a40    00000010   00000000    rw- .TI.bound:dmaSpi0TxAltControlTableEntry
  20001a50    20001a50    00001222   00000000    rw- .data
  20002c78    20002c78    00001e2e   00000000    rw- .bss
20023c00    20023c00    00000400   00000000    rw-
  20023c00    20023c00    00000400   00000000    rw- .stack


SECTION ALLOCATION MAP

 output                                  attributes/
section   page    origin      length       input sections
--------  ----  ----------  ----------   ----------------
.resetVecs 
*          0    00000000    0000003c     
                  00000000    0000003c     ti_sysbios_config.o (.resetVecs)

.rodata.1 
*          0    0000003c    00000004     
                  0000003c    00000004     drivers_cc13x2x7.a : NVS.c.obj (.rodata.NVS_defaultParams)

.cinit     0    000210f0    00000648     
                  000210f0    000005c2     (.cinit..data.load) [load image, compression = lzss]
                  000216b2    00000002     --HOLE-- [fill = 0]
                  000216b4    0000000c     (__TI_handler_table)
                  000216c0    00000008     (.cinit..TI.bound:dmaSpi0RxAltControlTableEntry.load) [load image, compression = zero_init]
                  000216c8    00000008     (.cinit..TI.bound:dmaSpi0RxControlTableEntry.load) [load image, compression = zero_init]
                  000216d0    00000008     (.cinit..TI.bound:dmaSpi0TxAltControlTableEntry.load) [load image, compression = zero_init]
                  000216d8    00000008     (.cinit..TI.bound:dmaSpi0TxControlTableEntry.load) [load image, compression = zero_init]
                  000216e0    00000008     (.cinit..TI.bound:dmaUart0RxControlTableEntry.load) [load image, compression = zero_init]
                  000216e8    00000008     (.cinit..TI.bound:dmaUart0TxControlTableEntry.load) [load image, compression = zero_init]
                  000216f0    00000008     (.cinit..bss.load) [load image, compression = zero_init]
                  000216f8    00000040     (__TI_cinit_table)

.init_array 
*          0    00000000    00000000     UNINITIALIZED

.TI.bound:flashBuf0 
*          0    00048000    00004000     UNINITIALIZED
                  00048000    00004000     ti_drivers_config.o (.TI.bound:flashBuf0)

.ccfg      0    000affa8    00000058     
                  000affa8    00000058     ti_devices_config.o (.ccfg)

.vecs      0    20000000    000000d8     NOLOAD SECTION
                  20000000    000000d8     ti_sysbios_config.o (.vecs)

.TI.bound:dmaUart0RxControlTableEntry 
*          0    20001810    00000010     UNINITIALIZED
                  20001810    00000010     ti_drivers_config.o (.TI.bound:dmaUart0RxControlTableEntry)

.TI.bound:dmaUart0TxControlTableEntry 
*          0    20001820    00000010     UNINITIALIZED
                  20001820    00000010     ti_drivers_config.o (.TI.bound:dmaUart0TxControlTableEntry)

.TI.bound:dmaSpi0RxControlTableEntry 
*          0    20001830    00000010     UNINITIALIZED
                  20001830    00000010     ti_drivers_config.o (.TI.bound:dmaSpi0RxControlTableEntry)

.TI.bound:dmaSpi0TxControlTableEntry 
*          0    20001840    00000010     UNINITIALIZED
                  20001840    00000010     ti_drivers_config.o (.TI.bound:dmaSpi0TxControlTableEntry)

.TI.bound:dmaSpi0RxAltControlTableEntry 
*          0    20001a30    00000010     UNINITIALIZED
                  20001a30    00000010     ti_drivers_config.o (.TI.bound:dmaSpi0RxAltControlTableEntry)

.TI.bound:dmaSpi0TxAltControlTableEntry 
*          0    20001a40    00000010     UNINITIALIZED
                  20001a40    00000010     ti_drivers_config.o (.TI.bound:dmaSpi0TxAltControlTableEntry)

.data      0    20001a50    00001222     UNINITIALIZED
                  20001a50    00000174     drivers_cc13x2x7.a : PowerCC26X2.c.obj (.data.PowerCC26X2_module)
                  20001bc4    00000130     devinfoservice.o (.data.devInfoAttrTbl)
                  20001cf4    00000110     simple_gatt_profile.o (.data.simpleProfileAttrTbl)
                  20001e04    000000f4     StackWrapper.a : gapbondmgr.o (.data)
                  20001ef8    000000b0     OneLib.a : gapgattserver.o (.data)
                  20001fa8    00000080     adxl343service.o (.data.adxl343serviceAttrTbl)
                  20002028    00000080     bme688service.o (.data.bme688serviceAttrTbl)
                  200020a8    0000007c     ti_drivers_config.o (.data.gpioPinConfigs)
                  20002124    00000004     icall.o (.data.ICall_dispatcher)
                  20002128    0000007a     devinfoservice.o (.data..L_MergedGlobals)
                  200021a2    00000002     ble_user_config.o (.data.bleUserCfg_maxPduSize)
                  200021a4    00000078     icall.o (.data..L_MergedGlobals.1)
                  2000221c    00000070     OneLib.a : ll_config.o (.data)
                  2000228c    00000069     ti_radio_config.o (.data.txPowerTable_2400_pa5_10)
                  200022f5    00000001     drivers_cc13x2x7.a : AESCTRCC26XX.c.obj (.data.AESCTR_isInitialized)
                  200022f6    00000002     OneLib.a : ll.o (.data)
                  200022f8    00000068     rf_multiMode_cc13x2.a : RFCC26X2_multiMode.c.cc13x2.ticlang.o (.data..L_MergedGlobals.1)
                  20002360    00000068     ti_sysbios_config.o (.data..L_MergedGlobals.70)
                  200023c8    00000068     ti_sysbios_config.o (.data..L_MergedGlobals)
                  20002430    00000068     ti_sysbios_config.o (.data.ti_sysbios_knl_Clock_Module_state)
                  20002498    00000064     rf_multiMode_cc13x2.a : RFCC26X2_multiMode.c.cc13x2.ticlang.o (.data..L_MergedGlobals.3)
                  200024fc    00000064     simple_peripheral.o (.data..L_MergedGlobals.51)
                  20002560    00000060     adxl343.o (.data..L_MergedGlobals.1)
                  200025c0    00000060     bme688.o (.data..L_MergedGlobals.1)
                  20002620    00000060     rgb.o (.data..L_MergedGlobals.1)
                  20002680    00000058     rf_multiMode_cc13x2.a : RFCC26X2_multiMode.c.cc13x2.ticlang.o (.data..L_MergedGlobals.2)
                  200026d8    00000058     ti_radio_config.o (.data.pOverrides_bleCommon)
                  20002730    00000040     OneLib.a : gattservapp.o (.data)
                  20002770    00000040              : sm_pairing.o (.data)
                  200027b0    0000003c     icall_user_config.o (.data.nvintfFncStruct)
                  200027ec    0000003c     ti_sysbios_config.o (.data.ti_sysbios_knl_Task_Module_state)
                  20002828    00000038     drivers_cc13x2x7.a : TRNGCC26XX.c.obj (.data..L_MergedGlobals.1)
                  20002860    00000030                        : TRNGCC26XX.c.obj (.data..L_MergedGlobals)
                  20002890    0000002a     devinfoservice.o (.data..L_MergedGlobals.1)
                  200028ba    00000002     OneLib.a : ll_config.o (.data)
                  200028bc    00000028     nvocmp.o (.data..L_MergedGlobals.1)
                  200028e4    00000028     board_key.o (.data..L_MergedGlobals)
                  2000290c    00000024     simple_peripheral.o (.data..L_MergedGlobals)
                  20002930    00000024     ble_user_config.o (.data.eccParams_NISTP256)
                  20002954    00000024     ti_radio_config.o (.data.pOverrides_ble2Mbps)
                  20002978    00000024     ti_radio_config.o (.data.pOverrides_bleTxStd)
                  2000299c    00000020     ti_radio_config.o (.data.pOverrides_bleTx20)
                  200029bc    0000001c     ti_ble_config.o (.data.advParams1)
                  200029d8    0000001c     ti_ble_config.o (.data.advParams2)
                  200029f4    0000001c     ti_ble_config.o (.data.scanResData1)
                  20002a10    00000018     ti_radio_config.o (.data.pOverrides_ble1Mbps)
                  20002a28    00000015     ti_ble_config.o (.data.attDeviceName)
                  20002a3d    00000001     nvocmp.o (.data.NVOCMP_failF)
                  20002a3e    00000002     StackWrapper.a : osal_cbtimer.o (.data)
                  20002a40    00000014     icall.o (.data..L_MergedGlobals)
                  20002a54    00000014     StackWrapper.a : osal.o (.data)
                  20002a68    00000013     display_cc13x2x7.a : DisplayUart2.c.obj (.data.DisplayUart2Ansi_escInitial)
                  20002a7b    00000011     simple_gatt_profile.o (.data.simpleProfileChar1UserDesp)
                  20002a8c    00000011     simple_gatt_profile.o (.data.simpleProfileChar2UserDesp)
                  20002a9d    00000011     simple_gatt_profile.o (.data.simpleProfileChar3UserDesp)
                  20002aae    00000011     simple_gatt_profile.o (.data.simpleProfileChar4UserDesp)
                  20002abf    00000011     simple_gatt_profile.o (.data.simpleProfileChar5UserDesp)
                  20002ad0    00000010     adxl343service.o (.data..L_MergedGlobals)
                  20002ae0    00000010     bme688service.o (.data..L_MergedGlobals)
                  20002af0    00000010     ti_radio_config.o (.data.RF_modeBle)
                  20002b00    00000010     driverlib.lib : osc.o (.data._hposcCoeffs)
                  20002b10    00000010     icall_user_config.o (.data.bleAppServiceInfoTable)
                  20002b20    00000010     ti_radio_config.o (.data.pOverrides_bleCoded)
                  20002b30    00000010     main.o (.data.user0Cfg)
                  20002b40    00000010     OneLib.a : gattservapp.o (.data)
                  20002b50    00000010              : ll_data.o (.data)
                  20002b60    0000000f     ti_ble_config.o (.data..L_MergedGlobals)
                  20002b6f    0000000f     util.o (.data.Util_convertBdAddr2Str.str)
                  20002b7e    00000001     drivers_cc13x2x7.a : PKAResourceCC26XX.c.obj (.data.PKAResourceCC26XX_pollingFlag)
                  20002b7f    00000001     adxl343service.o (.data.adxl343service_Adxl343configProps)
                  20002b80    0000000d     simple_gatt_profile.o (.data..L_MergedGlobals)
                  20002b8d    00000001     adxl343service.o (.data.adxl343service_Adxl343dataProps)
                  20002b8e    00000001     adxl343service.o (.data.adxl343service_Adxl343periodProps)
                  20002b8f    00000001     rf_multiMode_cc13x2.a : rf_patch_cpe_bt5.c.cc13x2.ticlang.o (.data.bBt5PatchEntered)
                  20002b90    0000000c     bme688.o (.data..L_MergedGlobals)
                  20002b9c    0000000c     drivers_cc13x2x7.a : NVSCC26XX.c.obj (.data..L_MergedGlobals)
                  20002ba8    0000000b     ti_ble_config.o (.data.advData1)
                  20002bb3    0000000b     ti_ble_config.o (.data.advData2)
                  20002bbe    00000001     bme688service.o (.data.bme688service_BME_CONFIGProps)
                  20002bbf    00000001     bme688service.o (.data.bme688service_BME_DATAProps)
                  20002bc0    00000008     two_btn_menu.o (.data..L_MergedGlobals.7)
                  20002bc8    00000008     icall_cc2650.o (.data..L_MergedGlobals)
                  20002bd0    00000008     rf_multiMode_cc13x2.a : RFCC26X2_multiMode.c.cc13x2.ticlang.o (.data..L_MergedGlobals)
                  20002bd8    00000008     two_btn_menu.o (.data..L_MergedGlobals)
                  20002be0    00000008     rf_multiMode_cc13x2.a : RFCC26X2_multiMode.c.cc13x2.ticlang.o (.data.RFCC26XX_schedulerPolicy)
                  20002be8    00000008     ti_sysbios_config.o (.data.ti_sysbios_gates_GateMutexPri_Module_state)
                  20002bf0    00000008     ti_sysbios_config.o (.data.ti_sysbios_heaps_HeapCallback_Module_state)
                  20002bf8    00000008     ti_sysbios_config.o (.data.ti_sysbios_knl_Event_state)
                  20002c00    00000008     ti_sysbios_config.o (.data.ti_sysbios_knl_Semaphore_Module_state)
                  20002c08    00000008     OneLib.a : gapgattserver.o (.data)
                  20002c10    00000005     display_cc13x2x7.a : DisplayUart2.c.obj (.data.DisplayUart2Ansi_escClearScreen)
                  20002c15    00000001     bme688service.o (.data.bme688service_BME_PERIODProps)
                  20002c16    00000001     devinfoservice.o (.data.devInfo11073CertProps)
                  20002c17    00000001     devinfoservice.o (.data.devInfoFirmwareRevProps)
                  20002c18    00000004     rf_multiMode_cc13x2.a : RFCC26X2_multiMode.c.cc13x2.ticlang.o (.data.RF_fsmActiveState.lfClockSourceLast)
                  20002c1c    00000004     libc.a : _lock.c.obj (.data._lock)
                  20002c20    00000004            : _lock.c.obj (.data._unlock)
                  20002c24    00000004     ble_user_config.o (.data.appAssertCback)
                  20002c28    00000004     board_key.o (.data.appKeyChangeHandler)
                  20002c2c    00000004     ble_user_config_stack.o (.data.icallServiceTblPtr)
                  20002c30    00000004     bme688service.o (.data.pAppCBs)
                  20002c34    00000004     ti_ble_config.o (.data.pRandomAddress)
                  20002c38    00000004     icall_api_lite.o (.data.pRfErrCb)
                  20002c3c    00000004     icall_api_lite.o (.data.pfnBMAlloc)
                  20002c40    00000004     icall_api_lite.o (.data.pfnBMFree)
                  20002c44    00000004     OneLib.a : ll_slave_end_causes.o (.data)
                  20002c48    00000004     StackWrapper.a : hal_assert.o (.data)
                  20002c4c    00000001     devinfoservice.o (.data.devInfoHardwareRevProps)
                  20002c4d    00000001     devinfoservice.o (.data.devInfoMfrNameProps)
                  20002c4e    00000001     devinfoservice.o (.data.devInfoModelNumberProps)
                  20002c4f    00000001     devinfoservice.o (.data.devInfoPnpIdProps)
                  20002c50    00000001     devinfoservice.o (.data.devInfoSerialNumberProps)
                  20002c51    00000001     devinfoservice.o (.data.devInfoSoftwareRevProps)
                  20002c52    00000001     devinfoservice.o (.data.devInfoSystemIdProps)
                  20002c53    00000001     drivers_cc13x2x7.a : GPIOCC26X2.c.obj (.data.initCalled)
                  20002c54    00000001                        : AESCCMCC26XX.c.obj (.data.isInitialized)
                  20002c55    00000001                        : AESCTRDRBGXX.c.obj (.data.isInitialized)
                  20002c56    00000001                        : AESECBCC26XX.c.obj (.data.isInitialized)
                  20002c57    00000001                        : CryptoResourceCC26XX.c.obj (.data.isInitialized)
                  20002c58    00000001                        : ECDHCC26X2.c.obj (.data.isInitialized)
                  20002c59    00000001                        : NVS.c.obj (.data.isInitialized)
                  20002c5a    00000001                        : PKAResourceCC26XX.c.obj (.data.isInitialized)
                  20002c5b    00000001                        : SPI.c.obj (.data.isInitialized)
                  20002c5c    00000001     rgbledservice.o (.data.rgbledservice_RgbledconfigVal)
                  20002c5d    00000001     simple_gatt_profile.o (.data.simpleProfileChar1Props)
                  20002c5e    00000001     simple_gatt_profile.o (.data.simpleProfileChar2Props)
                  20002c5f    00000001     simple_gatt_profile.o (.data.simpleProfileChar3Props)
                  20002c60    00000001     simple_gatt_profile.o (.data.simpleProfileChar4Props)
                  20002c61    00000001     simple_gatt_profile.o (.data.simpleProfileChar5Props)
                  20002c62    00000001     OneLib.a : gapgattserver.o (.data)
                  20002c63    00000001              : gapgattserver.o (.data)
                  20002c64    00000001              : gapgattserver.o (.data)
                  20002c65    00000001              : gapgattserver.o (.data)
                  20002c66    00000001              : gapgattserver.o (.data)
                  20002c67    00000001              : gapgattserver.o (.data)
                  20002c68    00000001              : gattservapp.o (.data)
                  20002c69    00000001              : gattservapp.o (.data)
                  20002c6a    00000001              : ll.o (.data)
                  20002c6b    00000001              : ll_ae.o (.data)
                  20002c6c    00000001              : ll_data.o (.data)
                  20002c6d    00000001              : ll_scheduler.o (.data)
                  20002c6e    00000001              : sm_task.o (.data)
                  20002c6f    00000001     StackWrapper.a : gap.o (.data)
                  20002c70    00000001                    : gap.o (.data)
                  20002c71    00000001                    : hal_assert.o (.data)

.bss       0    20002c78    00001e2e     UNINITIALIZED
                  20002c78    00000400     bme688.o (.bss.sensorTaskStack)
                  20003078    00000400     (.common:spTaskStack)
                  20003478    00000300     (.common:ti_sysbios_knl_Idle_taskStack)
                  20003778    000002c0     rf_multiMode_cc13x2.a : RFCC26X2_multiMode.c.cc13x2.ticlang.o (.bss.RF_cmdPool)
                  20003a38    00000170     (.common:uart2CC26X2Objects)
                  20003ba8    00000100     OneLib.a : ll.o (.bss)
                  20003ca8    00000100     (.common:spiCC26X2DMAObjects)
                  20003da8    000000d8     (.common:ti_sysbios_family_arm_m3_Hwi_dispatchTable)
                  20003e80    000000c0     simple_peripheral.o (.bss.connList)
                  20003f40    00000084     (.common:trngCC26XXObjects)
                  20003fc4    00000080     ti_drivers_config.o (.bss.displayUART2Buffer)
                  20004044    0000007c     (.common:gpioCallbackFunctions)
                  200040c0    0000007c     (.common:gpioUserArgs)
                  2000413c    00000078     StackWrapper.a : osal_cbtimer.o (.bss)
                  200041b4    00000004     adxl343service.o (.bss.adxl343service_Adxl343dataConfig)
                  200041b8    00000068     rf_multiMode_cc13x2.a : RFCC26X2_multiMode.c.cc13x2.ticlang.o (.bss.RF_ratModule)
                  20004220    00000060     (.common:ti_sysbios_knl_ClockSupport_timerStruct)
                  20004280    00000058     (.common:spTask)
                  200042d8    00000058     (.common:ti_sysbios_knl_Idle_taskStruct)
                  20004330    00000054     (.common:aesctrdrbgXXObjects)
                  20004384    00000050     (.common:CryptoResourceCC26XX_accessSemaphore)
                  200043d4    00000050     (.common:CryptoResourceCC26XX_operationSemaphore)
                  20004424    00000050     (.common:PKAResourceCC26XX_accessSemaphore)
                  20004474    00000050     (.common:PKAResourceCC26XX_operationSemaphore)
                  200044c4    00000044                           : RFCC26X2_multiMode.c.cc13x2.ticlang.o (.bss.RF_clkInactivityObj)
                  20004508    00000044                           : RFCC26X2_multiMode.c.cc13x2.ticlang.o (.bss.RF_clkPowerUpObj)
                  2000454c    00000040     (.common:aesctrCC26XXObjects)
                  2000458c    0000003c                           : RFCC26X2_multiMode.c.cc13x2.ticlang.o (.bss.RF_swiHwObj)
                  200045c8    0000003c     StackWrapper.a : osal_snv_wrapper.o (.bss)
                  20004604    00000030     (.common:ti_sysbios_knl_Swi_readyQs)
                  20004634    00000030     (.common:ti_sysbios_knl_Task_readyQs)
                  20004664    0000002e     (.common:NVOCMP_nvHandle)
                  20004692    00000002     OneLib.a : gapgattserver.o (.bss)
                  20004694    0000002c              : ll.o (.bss)
                  200046c0    00000024              : ll.o (.bss)
                  200046e4    00000024     (.common:aesecbCC26XXObjects)
                  20004708    00000020     ti_drivers_config.o (.bss.uart2RxRingBuffer0)
                  20004728    00000020     ti_drivers_config.o (.bss.uart2TxRingBuffer0)
                  20004748    00000020     OneLib.a : gattservapp.o (.bss)
                  20004768    00000020              : ll_ae.o (.bss)
                  20004788    00000020              : ll_ae.o (.bss)
                  200047a8    00000020     StackWrapper.a : gapbondmgr.o (.bss)
                  200047c8    00000020                    : gapbondmgr.o (.bss)
                  200047e8    00000020     (.common:ecdhCC26X2Objects)
                  20004808    00000020     (.common:ti_sysbios_runtime_System_atexitHandlers)
                  20004828    00000020     (.common:udmaCC26XXObject)
                  20004848    0000001c     drivers_cc13x2x7.a : GPIOCC26X2.c.obj (.bss.gpioHwi)
                  20004864    0000001c     (.common:BIOS_heapCallbackObject)
                  20004880    0000001c     (.common:BIOS_rtsGate)
                  2000489c    0000001c     (.common:CryptoResourceCC26XX_hwi)
                  200048b8    0000001c     (.common:PKAResourceCC26XX_hwi)
                  200048d4    00000018     OneLib.a : gapgattserver.o (.bss)
                  200048ec    00000018     (.common:aesccmCC26XXObjects)
                  20004904    00000014     drivers_cc13x2x7.a : Random.c.obj (.bss.state)
                  20004918    00000014     (.common:spMenuAutoConnect)
                  2000492c    00000014     (.common:spMenuConnPhy)
                  20004940    00000014     (.common:spMenuMain)
                  20004954    00000014     (.common:spMenuPerConn)
                  20004968    00000014     (.common:spMenuSelectConn)
                  2000497c    00000010     OneLib.a : ll.o (.bss)
                  2000498c    0000000c              : ll.o (.bss)
                  20004998    0000000c              : ll.o (.bss)
                  200049a4    0000000c              : ll_scheduler.o (.bss)
                  200049b0    0000000c     (.common:displayUart2Object)
                  200049bc    00000008     simple_peripheral.o (.bss.setPhyCommStatList)
                  200049c4    00000008     OneLib.a : ll.o (.bss)
                  200049cc    00000008              : ll.o (.bss)
                  200049d4    00000008              : ll_ae.o (.bss)
                  200049dc    00000008     StackWrapper.a : gapbondmgr.o (.bss)
                  200049e4    00000004     bme688service.o (.bss.bme688service_BME_DATAConfig)
                  200049e8    00000004     driverlib.lib : osc.o (.bss.oscHfGlobals.0)
                  200049ec    00000004                   : osc.o (.bss.oscHfGlobals.2)
                  200049f0    00000004                   : osc.o (.bss.oscHfGlobals.3)
                  200049f4    00000004                   : osc.o (.bss.oscHfGlobals.4)
                  200049f8    00000004     drivers_cc13x2x7.a : ECDHCC26X2.c.obj (.bss.resultPKAMemAddr)
                  200049fc    00000004     simple_gatt_profile.o (.bss.simpleProfileChar4Config)
                  20004a00    00000004     OneLib.a : gapgattserver.o (.bss)
                  20004a04    00000004              : gattservapp.o (.bss)
                  20004a08    00000004              : linkdb.o (.bss)
                  20004a0c    00000004              : ll.o (.bss)
                  20004a10    00000004              : ll.o (.bss)
                  20004a14    00000004              : ll.o (.bss)
                  20004a18    00000004              : ll.o (.bss)
                  20004a1c    00000004              : ll.o (.bss)
                  20004a20    00000004              : ll_ae.o (.bss)
                  20004a24    00000004              : ll_common.o (.bss)
                  20004a28    00000004              : ll_enc.o (.bss)
                  20004a2c    00000004              : ll_privacy.o (.bss)
                  20004a30    00000004     StackWrapper.a : gapbondmgr.o (.bss)
                  20004a34    00000004                    : gapbondmgr.o (.bss)
                  20004a38    00000004                    : osal.o (.bss)
                  20004a3c    00000004                    : osal.o (.bss)
                  20004a40    00000004                    : osal.o (.bss)
                  20004a44    00000004                    : osal.o (.bss)
                  20004a48    00000004                    : osal.o (.bss)
                  20004a4c    00000004                    : osal.o (.bss)
                  20004a50    00000004                    : osal_bufmgr.o (.bss)
                  20004a54    00000004                    : osal_clock.o (.bss)
                  20004a58    00000004                    : osal_clock.o (.bss)
                  20004a5c    00000004                    : osal_timers.o (.bss)
                  20004a60    00000004                    : osal_timers.o (.bss)
                  20004a64    00000004                    : osal_timers.o (.bss)
                  20004a68    00000004     (.common:HEAPMGR_SIZE)
                  20004a6c    00000004     (.common:PowerCC26XX_swiKey)
                  20004a70    00000004     (.common:PowerCC26XX_taskKey)
                  20004a74    00000004     (.common:gBME)
                  20004a78    00000004     (.common:tasksEvents)
                  20004a7c    00000004     (.common:ti_sysbios_family_arm_cc26xx_TimestampProvider_Module_state)
                  20004a80    00000004     (.common:ti_sysbios_knl_Task_defaultStackHeap)
                  20004a84    00000002     OneLib.a : ll.o (.bss)
                  20004a86    00000002              : ll_slave_end_causes.o (.bss)
                  20004a88    00000002     StackWrapper.a : osal_pwrmgr.o (.bss)
                  20004a8a    00000001     OneLib.a : gapgattserver.o (.bss)
                  20004a8b    00000001              : gattservapp.o (.bss)
                  20004a8c    00000001              : hci_tl.o (.bss)
                  20004a8d    00000001              : hci_tl.o (.bss)
                  20004a8e    00000001              : hci_tl.o (.bss)
                  20004a8f    00000001              : hci_tl.o (.bss)
                  20004a90    00000001              : hci_tl.o (.bss)
                  20004a91    00000001              : hci_tl.o (.bss)
                  20004a92    00000001              : ll.o (.bss)
                  20004a93    00000001              : ll.o (.bss)
                  20004a94    00000001              : ll.o (.bss)
                  20004a95    00000001              : ll.o (.bss)
                  20004a96    00000001              : ll_ae.o (.bss)
                  20004a97    00000001              : ll_config.o (.bss)
                  20004a98    00000001              : ll_config.o (.bss)
                  20004a99    00000001              : ll_enc.o (.bss)
                  20004a9a    00000001              : ll_isr.o (.bss)
                  20004a9b    00000001              : sm_task.o (.bss)
                  20004a9c    00000001     StackWrapper.a : ble_dispatch_lite.o (.bss)
                  20004a9d    00000001                    : gapbondmgr.o (.bss)
                  20004a9e    00000001                    : gapbondmgr.o (.bss)
                  20004a9f    00000001                    : hal_assert.o (.bss)
                  20004aa0    00000001                    : osal.o (.bss)
                  20004aa1    00000001                    : osal_pwrmgr.o (.bss)
                  20004aa2    00000001     (.common:NVOCMP_size)
                  20004aa3    00000001     (.common:gAction)
                  20004aa4    00000001     (.common:nvsCC26XXObjects)
                  20004aa5    00000001     (.common:tbmRowItemLast)

.vtable    0    20004aa6    00000000     UNINITIALIZED

.vtable_ram 
*          0    20004aa6    00000000     UNINITIALIZED

vtable_ram 
*          0    20004aa6    00000000     UNINITIALIZED

.sysmem    0    20004aa6    00000000     UNINITIALIZED

.nonretenvar 
*          0    20004aa6    00000000     UNINITIALIZED

.stack     0    20023c00    00000400     UNINITIALIZED
                  20023c00    00000004     sysbios.a : boot_cortex_m.obj (.stack)
                  20023c04    000003fc     --HOLE--

.text      0    00000040    0001e350     
                  00000040    00000d0c     simple_peripheral.o (.text.SimplePeripheral_taskFxn)
                  00000d4c    00000be0     StackWrapper.a : gapbondmgr.o (.text)
                  0000192c    000006ec                    : gapbondmgr.o (.text)
                  00002018    000006d8     OneLib.a : ll_adv_end_causes.o (.text)
                  000026f0    000004d0              : ll_ae.o (.text)
                  00002bc0    00000498     rf_multiMode_cc13x2.a : RFCC26X2_multiMode.c.cc13x2.ticlang.o (.text.RF_fsmActiveState)
                  00003058    00000480     OneLib.a : ble.o (.text)
                  000034d8    0000047c              : ll_isr.o (.text)
                  00003954    00000448              : ll.o (.text)
                  00003d9c    0000043c              : ll_slave_end_causes.o (.text)
                  000041d8    00000430     bme688api.o (.text.bme68x_get_data)
                  00004608    0000038c     OneLib.a : ll_scheduler.o (.text)
                  00004994    00000348              : ll_ae.o (.text)
                  00004cdc    00000340              : ll_slave_end_causes.o (.text)
                  0000501c    00000338              : ll_ae.o (.text)
                  00005354    00000334              : ll_scheduler.o (.text)
                  00005688    00000330     ti_sysbios_config.o (.text.ti_sysbios_runtime_System_doPrint)
                  000059b8    0000030c     OneLib.a : ll_ae.o (.text)
                  00005cc4    000002cc     nvocmp.o (.text.NVOCMP_initNvApi)
                  00005f90    000002c8     drivers_cc13x2x7.a : SPICC26X2DMA.c.obj (.text.SPICC26X2DMA_transfer)
                  00006258    000002b0     StackWrapper.a : gapbondmgr.o (.text)
                  00006508    000002a4     nvocmp.o (.text.NVOCMP_compactPage)
                  000067ac    0000029c     rf_multiMode_cc13x2.a : RFCC26X2_multiMode.c.cc13x2.ticlang.o (.text.RF_open)
                  00006a48    00000294     OneLib.a : ll.o (.text)
                  00006cdc    00000294              : ll_ae.o (.text)
                  00006f70    00000274              : ll_ae.o (.text)
                  000071e4    00000274              : ll_isr.o (.text)
                  00007458    00000268              : ll_isr.o (.text)
                  000076c0    0000025c              : ll_common.o (.text)
                  0000791c    0000025c     StackWrapper.a : gapbondmgr.o (.text)
                  00007b78    00000254     drivers_cc13x2x7.a : ECDHCC26X2.c.obj (.text.ECDHCC26X2_hwiFxn)
                  00007dcc    00000244     OneLib.a : ll_data.o (.text)
                  00008010    0000023c     nvocmp.o (.text.NVOCMP_addItem)
                  0000824c    00000204     OneLib.a : gattservapp.o (.text)
                  00008450    00000200     bme688api.o (.text.bme68x_set_heatr_conf)
                  00008650    000001f0     drivers_cc13x2x7.a : UART2CC26X2.c.obj (.text.UART2CC26X2_hwiIntFxn)
                  00008840    000001f0     OneLib.a : ll.o (.text)
                  00008a30    000001e8     rf_multiMode_cc13x2.a : RFCC26X2_multiMode.c.cc13x2.ticlang.o (.text.RF_scheduleCmd)
                  00008c18    000001e0     StackWrapper.a : osal.o (.text)
                  00008df8    000001dc     rf_multiMode_cc13x2.a : RFCC26X2_multiMode.c.cc13x2.ticlang.o (.text.RF_dispatchNextCmd)
                  00008fd4    000001dc     OneLib.a : ll_scheduler.o (.text)
                  000091b0    000001cc              : ll_ae.o (.text)
                  0000937c    000001b6     libclang_rt.builtins.a : adddf3.S.obj (.text)
                  00009532    000001ae     drivers_cc13x2x7.a : SPICC26X2DMA.c.obj (.text.SPICC26X2DMA_hwiFxn)
                  000096e0    00000198     OneLib.a : ll_common.o (.text)
                  00009878    00000196              : ll_common.o (.text)
                  00009a0e    00000002     ti_sysbios_config.o (.text.BIOS_nullFunc)
                  00009a10    00000194     drivers_cc13x2x7.a : PowerCC26X2_calibrateRCOSC.c.obj (.text.PowerCC26X2_auxISR)
                  00009ba4    00000188                        : AESECBCC26XX.c.obj (.text.AESECB_addDataInternal)
                  00009d2c    00000188                        : SPICC26X2DMA.c.obj (.text.SPICC26X2DMA_open)
                  00009eb4    00000188     OneLib.a : ll_isr.o (.text)
                  0000a03c    00000184              : ll_ae.o (.text)
                  0000a1c0    0000017c     drivers_cc13x2x7.a : ECDHCC26X2.c.obj (.text.ECDH_computeSharedSecret)
                  0000a33c    0000017c                        : UART2CC26X2.c.obj (.text.UART2_open)
                  0000a4b8    00000174                        : UART2.c.obj (.text.UART2_writeTimeoutBlocking)
                  0000a62c    00000174     OneLib.a : gattservapp.o (.text)
                  0000a7a0    00000174              : ll_scheduler.o (.text)
                  0000a914    0000016c     drivers_cc13x2x7.a : AESCCMCC26XX.c.obj (.text.AESCCM_startOperation)
                  0000aa80    00000168     OneLib.a : ll_ae.o (.text)
                  0000abe8    00000164     icall.o (.text.ICall_waitMatch)
                  0000ad4c    00000162     StackWrapper.a : osal.o (.text)
                  0000aeae    00000002     ti_drivers_config.o (.text.Board_initHook)
                  0000aeb0    00000160     drivers_cc13x2x7.a : SPICC26X2DMA.c.obj (.text.configNextTransfer)
                  0000b010    0000015c     simple_peripheral_menu.o (.text.SimplePeripheral_buildMenu)
                  0000b16c    00000158     drivers_cc13x2x7.a : AESCTRCC26XX.c.obj (.text.AESCTR_processData)
                  0000b2c4    00000158                        : PowerCC26X2.c.obj (.text.Power_sleep)
                  0000b41c    00000158     OneLib.a : ll_common.o (.text)
                  0000b574    00000150              : gap_task.o (.text)
                  0000b6c4    00000150              : ll_ae.o (.text)
                  0000b814    0000014c              : ll_isr.o (.text)
                  0000b960    00000148     rf_multiMode_cc13x2.a : RFCC26X2_multiMode.c.cc13x2.ticlang.o (.text.RF_radioOpDoneCb)
                  0000baa8    00000144     ble_user_config_stack.o (.text.setBleUserConfig)
                  0000bbec    00000004     drivers_cc13x2x7.a : AESCTRDRBGXX.c.obj (.text.AESCTRDRBG_getBytes)
                  0000bbf0    00000144     ti_sysbios_config.o (.text.ti_sysbios_runtime_System_printfExtend)
                  0000bd34    00000144     StackWrapper.a : gap.o (.text)
                  0000be78    00000140     OneLib.a : gattservapp.o (.text)
                  0000bfb8    00000134     rf_multiMode_cc13x2.a : RFCC26X2_multiMode.c.cc13x2.ticlang.o (.text.RF_ratSetupChannel)
                  0000c0ec    00000134     bme688api.o (.text.bme68x_init)
                  0000c220    00000130     driverlib.lib : aes.o (.text.NOROM_AESWriteToKeyStore)
                  0000c350    0000012c     rf_multiMode_cc13x2.a : RFCC26X2_multiMode.c.cc13x2.ticlang.o (.text.RF_close)
                  0000c47c    0000012c                           : RFCC26X2_multiMode.c.cc13x2.ticlang.o (.text.RF_fsmSetupState)
                  0000c5a8    0000012c     simple_peripheral.o (.text.SimplePeripheral_doAutoConnect)
                  0000c6d4    0000012c     drivers_cc13x2x7.a : TRNGCC26XX.c.obj (.text.TRNGCC26XX_hwiFxn)
                  0000c800    00000124     rf_multiMode_cc13x2.a : RFCC26X2_multiMode.c.cc13x2.ticlang.o (.text.RF_abortCmd)
                  0000c924    00000124     OneLib.a : ll_ae.o (.text)
                  0000ca48    00000122     drivers_cc13x2x7.a : SPICC26X2DMA.c.obj (.text.SPICC26X2DMA_transferCancel)
                  0000cb6a    00000002     ble_user_config.o (.text.DefaultAssertCback)
                  0000cb6c    00000120     nvocmp.o (.text.NVOCMP_findItem)
                  0000cc8c    00000120     ti_sysbios_config.o (.text.ti_sysbios_family_arm_cc26xx_Timer_construct)
                  0000cdac    00000120     OneLib.a : ll_common.o (.text)
                  0000cecc    00000120              : ll_data.o (.text)
                  0000cfec    0000011c     sysbios.a : Hwi_asm_gnu.obj (.text.ti_sysbios_family_arm_m3_Hwi_dispatch)
                  0000d108    0000011a     drivers_cc13x2x7.a : UART2.c.obj (.text.UART2_writeTimeoutNonblocking)
                  0000d222    00000002     display_cc13x2x7.a : DisplayUart2.c.obj (.text.DisplayUart2Ansi_init)
                  0000d224    00000118     drivers_cc13x2x7.a : PowerCC26X2.c.obj (.text.Power_init)
                  0000d33c    00000118     rf_multiMode_cc13x2.a : RFCC26X2_multiMode.c.cc13x2.ticlang.o (.text.RF_decodeOverridePointers)
                  0000d454    00000114     OneLib.a : ll_common.o (.text)
                  0000d568    0000010c     main.o (.text.AssertHandler)
                  0000d674    0000010c     drivers_cc13x2x7.a : ECDHCC26X2.c.obj (.text.ECDH_generatePublicKey)
                  0000d780    0000010c                        : PowerCC26X2_calibrateRCOSC.c.obj (.text.PowerCC26X2_calibrate)
                  0000d88c    0000010c     bme688api.o (.text.bme68x_set_conf)
                  0000d998    0000010c     OneLib.a : gatt_client.o (.text)
                  0000daa4    00000108     drivers_cc13x2x7.a : NVSCC26XX.c.obj (.text.NVSCC26XX_write)
                  0000dbac    00000108     rf_multiMode_cc13x2.a : RFCC26X2_multiMode.c.cc13x2.ticlang.o (.text.RF_fsmPowerUpState)
                  0000dcb4    00000108     OneLib.a : ll_scheduler.o (.text)
                  0000ddbc    00000104     drivers_cc13x2x7.a : GPIOCC26X2.c.obj (.text.GPIO_init)
                  0000dec0    00000104     driverlib.lib : sys_ctrl.o (.text.NOROM_SysCtrlStandby)
                  0000dfc4    00000104     drivers_cc13x2x7.a : UART2CC26X2.c.obj (.text.UART2CC26X2_initHw)
                  0000e0c8    000000fe     OneLib.a : ll_scheduler.o (.text)
                  0000e1c6    00000002     rom_init.o (.text.MAP_HCI_CteRequestFailedEvent)
                  0000e1c8    000000fc     rf_multiMode_cc13x2.a : RFCC26X2_multiMode.c.cc13x2.ticlang.o (.text.RF_hwiCpe0Active)
                  0000e2c4    000000fc     OneLib.a : ll_isr.o (.text)
                  0000e3c0    000000fc     libclang_rt.builtins.a : muldf3.S.obj (.text)
                  0000e4bc    000000f8     drivers_cc13x2x7.a : TRNGCC26XX.c.obj (.text.TRNG_getRandom)
                  0000e5b4    000000f8     OneLib.a : sm_rsppairing.o (.text)
                  0000e6ac    000000f6     drivers_cc13x2x7.a : AESCTRDRBGXX.c.obj (.text.AESCTRDRBG_getRandomBytes)
                  0000e7a2    00000002     rom_init.o (.text.MAP_llClearPeriodicAdvSets)
                  0000e7a4    000000f0     drivers_cc13x2x7.a : UART2CC26X2.c.obj (.text.UART2Support_dmaStartRx)
                  0000e894    000000f0     OneLib.a : ll_ae.o (.text)
                  0000e984    000000ec              : gap_advertiser.o (.text)
                  0000ea70    000000ec              : ll_common.o (.text)
                  0000eb5c    000000e4     driverlib.lib : setup.o (.text.NOROM_SetupTrimDevice)
                  0000ec40    000000e4     simple_peripheral.o (.text.SimplePeripheral_menuSwitchCb)
                  0000ed24    000000e4     ti_sysbios_config.o (.text.ti_sysbios_knl_Semaphore_pend)
                  0000ee08    000000e4     OneLib.a : gapgattserver.o (.text)
                  0000eeec    000000e4              : ll_ae.o (.text)
                  0000efd0    000000e0     ti_sysbios_config.o (.text.ti_sysbios_knl_Event_pend)
                  0000f0b0    000000e0     OneLib.a : ll_scheduler.o (.text)
                  0000f190    000000e0     StackWrapper.a : osal_timers.o (.text)
                  0000f270    000000dc     rf_multiMode_cc13x2.a : RFCC26X2_multiMode.c.cc13x2.ticlang.o (.text.RF_control)
                  0000f34c    000000dc     OneLib.a : ll_ae.o (.text)
                  0000f428    000000d8     devinfoservice.o (.text.DevInfo_SetParameter)
                  0000f500    000000d8     drivers_cc13x2x7.a : SPICC26X2DMA.c.obj (.text.SPICC26X2DMA_control)
                  0000f5d8    000000d8     ti_sysbios_config.o (.text.ti_sysbios_family_arm_m3_Hwi_excFillContext)
                  0000f6b0    000000d0     drivers_cc13x2x7.a : PowerCC26X2.c.obj (.text.configureXOSCHF)
                  0000f780    000000cc                        : AESCTRDRBGXX.c.obj (.text.AESCTRDRBG_construct)
                  0000f84c    000000cc     ti_sysbios_config.o (.text.ti_sysbios_knl_Clock_workFuncDynamic)
                  0000f918    000000cc     OneLib.a : hci_event.o (.text)
                  0000f9e4    000000cc     StackWrapper.a : osal.o (.text)
                  0000fab0    000000ca     rf_multiMode_cc13x2.a : RFCC26X2_multiMode.c.cc13x2.ticlang.o (.text.RF_updatePaConfiguration)
                  0000fb7a    00000002     rom_init.o (.text.MAP_llClearPeriodicScanSets)
                  0000fb7c    000000c8     OneLib.a : gap_scanner.o (.text)
                  0000fc44    000000c8              : gapgattserver.o (.text)
                  0000fd0c    000000c8              : ll.o (.text)
                  0000fdd4    000000c8              : ll_ae.o (.text)
                  0000fe9c    000000c6     drivers_cc13x2x7.a : AESCTRDRBGXX.c.obj (.text.AESCTRDRBG_reseed)
                  0000ff62    00000002     rom_init.o (.text.MAP_llCoexInit)
                  0000ff64    000000c0     simple_peripheral.o (.text.SimplePeripheral_doSetConnPhy)
                  00010024    000000c0     driverlib.lib : setup.o (.text.TrimAfterColdResetWakeupFromShutDown)
                  000100e4    000000c0     OneLib.a : ll.o (.text)
                  000101a4    000000c0              : ll.o (.text)
                  00010264    000000c0              : ll_common.o (.text)
                  00010324    000000c0              : ll_isr.o (.text)
                  000103e4    000000bc     rf_multiMode_cc13x2.a : RFCC26X2_multiMode.c.cc13x2.ticlang.o (.text.RF_swiHw)
                  000104a0    000000bc     drivers_cc13x2x7.a : UART2CC26X2.c.obj (.text.UART2Support_dmaStartTx)
                  0001055c    000000bc     OneLib.a : ble.o (.text)
                  00010618    000000bc              : ll_ecc.o (.text)
                  000106d4    000000bc              : ll_scheduler.o (.text)
                  00010790    000000b8     devinfoservice.o (.text.devInfo_ReadAttrCB)
                  00010848    000000b8     ti_ble_config.o (.text.setBondManagerParameters)
                  00010900    000000b8     ti_sysbios_config.o (.text.ti_sysbios_knl_Task_Instance_finalize)
                  000109b8    000000b8     OneLib.a : ll_slave_end_causes.o (.text)
                  00010a70    000000b8     StackWrapper.a : gapbondmgr.o (.text)
                  00010b28    000000b8                    : gattservapp_util.o (.text)
                  00010be0    000000b4     driverlib.lib : osc.o (.text.NOROM_OSCHF_AttemptToSwitchToXosc)
                  00010c94    000000b4     ti_sysbios_config.o (.text.PowerCC26XX_standbyPolicy)
                  00010d48    000000b4     drivers_cc13x2x7.a : PowerCC26X2.c.obj (.text.Power_releaseDependency)
                  00010dfc    000000b4     bme688api.o (.text.calc_pressure)
                  00010eb0    000000b4     ti_sysbios_config.o (.text.ti_sysbios_knl_Task_setPri)
                  00010f64    000000b0     drivers_cc13x2x7.a : PowerCC26X2.c.obj (.text.Power_setDependency)
                  00011014    000000b0     OneLib.a : ll_enc.o (.text)
                  000110c4    000000b0     StackWrapper.a : gattservapp_util.o (.text)
                  00011174    000000b0     libclang_rt.builtins.a : udivmoddi4.S.obj (.text)
                  00011224    000000ac     rf_multiMode_cc13x2.a : RFCC26X2_multiMode.c.cc13x2.ticlang.o (.text.RF_pendCmd)
                  000112d0    000000ac     OneLib.a : ll_ae.o (.text)
                  0001137c    000000a8     simple_peripheral.o (.text.SimplePeripheral_processParamUpdate)
                  00011424    000000a8     OneLib.a : hci_data.o (.text)
                  000114cc    000000a8              : ll.o (.text)
                  00011574    000000a8              : ll_common.o (.text)
                  0001161c    000000a8     StackWrapper.a : gapbondmgr.o (.text)
                  000116c4    000000a4     icall.o (.text.ICall_heapMalloc)
                  00011768    000000a4     rf_multiMode_cc13x2.a : RFCC26X2_multiMode.c.cc13x2.ticlang.o (.text.RF_initRadioSetup)
                  0001180c    000000a4     ti_sysbios_config.o (.text.ti_sysbios_knl_Task_Instance_init)
                  000118b0    000000a4     OneLib.a : ll_ae.o (.text)
                  00011954    000000a4              : ll_ae.o (.text)
                  000119f8    000000a4     StackWrapper.a : gapbondmgr.o (.text)
                  00011a9c    000000a4                    : osal_cbtimer.o (.text)
                  00011b40    000000a0     rf_multiMode_cc13x2.a : RFCC26X2_multiMode.c.cc13x2.ticlang.o (.text.RF_calculateDispatchTime)
                  00011be0    000000a0     bme688api.o (.text.bme68x_set_regs)
                  00011c80    000000a0     OneLib.a : gap_scanner.o (.text)
                  00011d20    000000a0              : gattservapp.o (.text)
                  00011dc0    000000a0              : ll_common.o (.text)
                  00011e60    000000a0              : ll_scheduler.o (.text)
                  00011f00    0000009c     drivers_cc13x2x7.a : AESCTRCC26XX.c.obj (.text.AESCTR_startOneStepOperation)
                  00011f9c    0000009c     display_cc13x2x7.a : DisplayUart2.c.obj (.text.DisplayUart2Ansi_clearLines)
                  00012038    0000009c     bme688service.o (.text.bme688service_WriteAttrCB)
                  000120d4    0000009c     OneLib.a : ll_common.o (.text)
                  00012170    0000009c              : ll_ecc.o (.text)
                  0001220c    0000009a     drivers_cc13x2x7.a : UART2.c.obj (.text.UART2_writeCancel)
                  000122a6    00000002     rom_init.o (.text.MAP_llCoexSetParams)
                  000122a8    00000098     nvocmp.o (.text.NVOCMP_erase)
                  00012340    00000098     rf_multiMode_cc13x2.a : RFCC26X2_multiMode.c.cc13x2.ticlang.o (.text.RF_defaultSubmitPolicy)
                  000123d8    00000098     simple_peripheral.o (.text.SimplePeripheral_updatePHYStat)
                  00012470    00000098     drivers_cc13x2x7.a : UART2CC26X2.c.obj (.text.UART2_close)
                  00012508    00000098     OneLib.a : gattservapp.o (.text)
                  000125a0    00000098              : hci_event.o (.text)
                  00012638    00000098              : ll_isr.o (.text)
                  000126d0    00000096     rf_multiMode_cc13x2.a : RFCC26X2_multiMode.c.cc13x2.ticlang.o (.text.RF_verifyGap)
                  00012766    00000002     rom_init.o (.text.MAP_llCoexUpdateCounters)
                  00012768    00000094     rf_multiMode_cc13x2.a : RFCC26X2_multiMode.c.cc13x2.ticlang.o (.text.RF_ratRestartChannels)
                  000127fc    00000094     ti_sysbios_config.o (.text.ti_sysbios_knl_Clock_startI)
                  00012890    00000094     ti_sysbios_config.o (.text.ti_sysbios_knl_Task_sleep)
                  00012924    00000094     OneLib.a : gatt_server.o (.text)
                  000129b8    00000094              : ll.o (.text)
                  00012a4c    00000094              : ll_common.o (.text)
                  00012ae0    00000094              : ll_scheduler.o (.text)
                  00012b74    00000092              : gap_task.o (.text)
                  00012c06    00000002     rom_init.o (.text.MAP_llDmmDynamicFree)
                  00012c08    00000090     display_cc13x2x7.a : DisplayUart2.c.obj (.text.DisplayUart2Ansi_vprintf)
                  00012c98    00000090     bme688api.o (.text.calc_humidity)
                  00012d28    00000090     osal_icall_ble.o (.text.osalInitTasks)
                  00012db8    00000090     OneLib.a : ll.o (.text)
                  00012e48    00000090              : ll_ae.o (.text)
                  00012ed8    0000008c     drivers_cc13x2x7.a : GPIOCC26XX.c.obj (.text.GPIO_setConfig)
                  00012f64    0000008c     simple_gatt_profile.o (.text.SimpleProfile_SetParameter)
                  00012ff0    0000008c     drivers_cc13x2x7.a : TRNGCC26XX.c.obj (.text.TRNG_construct)
                  0001307c    0000008c     ti_sysbios_config.o (.text.ti_sysbios_knl_Clock_init)
                  00013108    00000088     rf_multiMode_cc13x2.a : RFCC26X2_multiMode.c.cc13x2.ticlang.o (.text.RF_cmdDispatchTime)
                  00013190    00000088                           : RFCC26X2_multiMode.c.cc13x2.ticlang.o (.text.RF_discardPendCmd)
                  00013218    00000088     bme688api.o (.text.calc_res_heat)
                  000132a0    00000088     bme688.o (.text.sensorTaskFxn)
                  00013328    00000088     OneLib.a : ll_isr.o (.text)
                  000133b0    00000088     StackWrapper.a : osal_cbtimer.o (.text)
                  00013438    00000086     bme688api.o (.text.bme68x_set_op_mode)
                  000134be    00000002     rom_init.o (.text.MAP_llDmmSetThreshold)
                  000134c0    00000084     icall.o (.text.ICall_setTimer)
                  00013544    00000084     nvocmp.o (.text.NVOCMP_readHeader)
                  000135c8    00000084     rf_multiMode_cc13x2.a : RFCC26X2_multiMode.c.cc13x2.ticlang.o (.text.RF_getInfo)
                  0001364c    00000084     OneLib.a : ll_common.o (.text)
                  000136d0    00000080     drivers_cc13x2x7.a : AESCTRCC26XX.c.obj (.text.AESCTR_hwiFxn)
                  00013750    00000080                        : UART2CC26X2.c.obj (.text.UART2Support_dmaStopTx)
                  000137d0    00000080                        : NVSCC26XX.c.obj (.text.doErase)
                  00013850    00000080     ti_sysbios_config.o (.text.ti_sysbios_family_arm_m3_Hwi_initNVIC)
                  000138d0    00000080     ti_sysbios_config.o (.text.ti_sysbios_gates_GateMutexPri_enter)
                  00013950    00000080     OneLib.a : ll_ae.o (.text)
                  000139d0    00000080              : ll_enc.o (.text)
                  00013a50    0000007e              : gap_task.o (.text)
                  00013ace    00000002     rom_init.o (.text.MAP_llHealthUpdate)
                  00013ad0    0000007c     rf_multiMode_cc13x2.a : RFCC26X2_multiMode.c.cc13x2.ticlang.o (.text.RF_ratDisableChannel)
                  00013b4c    0000007c     libclang_rt.builtins.a : comparedf2.c.obj (.text.__gedf2)
                  00013bc8    0000007c                            : comparedf2.c.obj (.text.__ledf2)
                  00013c44    0000007c     adxl343service.o (.text.adxl343service_ReadAttrCB)
                  00013cc0    0000007c     bme688service.o (.text.bme688service_ReadAttrCB)
                  00013d3c    0000007c     icall.o (.text.icall_directAPI)
                  00013db8    0000007c     bme688config.o (.text.init_bme)
                  00013e34    0000007c     two_btn_menu.o (.text.tbm_displayItemPage)
                  00013eb0    0000007c     ti_sysbios_config.o (.text.ti_sysbios_family_arm_m3_Hwi_postInit)
                  00013f2c    0000007c     OneLib.a : ll_common.o (.text)
                  00013fa8    0000007c              : ll_common.o (.text)
                  00014024    0000007c     StackWrapper.a : gapbondmgr.o (.text)
                  000140a0    0000007a     OneLib.a : gattservapp.o (.text)
                  0001411a    00000002     rom_init.o (.text.MAP_llMaster_TaskEnd)
                  0001411c    00000078     board_key.o (.text.Board_initKeys)
                  00014194    00000078     icall.o (.text.ICall_heapInit)
                  0001420c    00000078     driverlib.lib : osc.o (.text.NOROM_OSCHF_SwitchToRcOscTurnOffXosc)
                  00014284    00000078     drivers_cc13x2x7.a : NVSCC26XX.c.obj (.text.NVSCC26XX_open)
                  000142fc    00000078     rf_multiMode_cc13x2.a : RFCC26X2_multiMode.c.cc13x2.ticlang.o (.text.RF_ratFreeChannel)
                  00014374    00000078     drivers_cc13x2x7.a : SPICC26X2DMA.c.obj (.text.SPICC26X2DMA_close)
                  000143ec    00000078     main.o (.text.main)
                  00014464    00000078     simple_gatt_profile.o (.text.simpleProfile_WriteAttrCB)
                  000144dc    00000078     ti_sysbios_config.o (.text.ti_sysbios_knl_Task_postInit)
                  00014554    00000078     OneLib.a : gap_linkmgr.o (.text)
                  000145cc    00000078              : l2cap_task.o (.text)
                  00014644    00000078     StackWrapper.a : osal_cbtimer.o (.text)
                  000146bc    00000076     OneLib.a : ll_common.o (.text)
                  00014732    00000076     StackWrapper.a : gap.o (.text)
                  000147a8    00000074     drivers_cc13x2x7.a : AESCTRDRBGXX.c.obj (.text.AESCTRDRBGXX_updateState)
                  0001481c    00000074     bme688driver.o (.text.BME688_Read)
                  00014890    00000074     bme688service.o (.text.Bme688service_SetParameter)
                  00014904    00000074     drivers_cc13x2x7.a : ECDHCC26X2.c.obj (.text.ECDHCC26X2_getKeyResult)
                  00014978    00000074     nvocmp.o (.text.NVOCMP_readItemApi)
                  000149ec    00000074     drivers_cc13x2x7.a : PowerCC26X2_calibrateRCOSC_helpers.c.obj (.text.PowerCC26X2_updateSubSecInc)
                  00014a60    00000074     rf_multiMode_cc13x2.a : RFCC26X2_multiMode.c.cc13x2.ticlang.o (.text.RF_hwiHw)
                  00014ad4    00000074     bme688config.o (.text.bme68x_spi_read)
                  00014b48    00000074     ti_sysbios_config.o (.text.ti_sysbios_knl_Swi_restoreHwi)
                  00014bbc    00000074     ti_sysbios_config.o (.text.ti_sysbios_knl_Task_startup)
                  00014c30    00000074     OneLib.a : ll_common.o (.text)
                  00014ca4    00000074              : ll_enc.o (.text)
                  00014d18    00000070     adxl343.o (.text.ADXL343_processCharChangeEvt)
                  00014d88    00000070     drivers_cc13x2x7.a : AESCCMCC26XX.c.obj (.text.AESCCM_cleanup)
                  00014df8    00000070                        : AESCTRCC26XX.c.obj (.text.AESCTR_construct)
                  00014e68    00000070     adxl343service.o (.text.Adxl343service_SetParameter)
                  00014ed8    00000070     bme688.o (.text.BME688_processCharChangeEvt)
                  00014f48    00000070     icall.o (.text.ICall_createRemoteTasksAtRuntime)
                  00014fb8    00000070     nvocmp.o (.text.NVOCMP_writeItemApi)
                  00015028    00000070     ti_sysbios_config.o (.text.ti_sysbios_family_arm_m3_Hwi_Instance_init)
                  00015098    00000070     ti_sysbios_config.o (.text.ti_sysbios_runtime_System_formatNum)
                  00015108    00000070     OneLib.a : gatt_server.o (.text)
                  00015178    00000070              : ll_ae.o (.text)
                  000151e8    00000070              : ll_common.o (.text)
                  00015258    00000070              : ll_enc.o (.text)
                  000152c8    00000070     StackWrapper.a : osal.o (.text)
                  00015338    0000006e     OneLib.a : gatt_server.o (.text)
                  000153a6    00000002     rom_init.o (.text.MAP_llPeriodicAdv_PostProcess)
                  000153a8    0000006c     icall_cc2650.o (.text.ICallPlatform_pwrUpdActivityCounter)
                  00015414    0000006c     icall.o (.text.ICall_wait)
                  00015480    0000006c     nvocmp.o (.text.NVOCMP_eraseNvApi)
                  000154ec    0000006c     rf_multiMode_cc13x2.a : RFCC26X2_multiMode.c.cc13x2.ticlang.o (.text.RF_issueRadioFreeCb)
                  00015558    0000006c     drivers_cc13x2x7.a : Random.c.obj (.text.Random_seedAutomatic)
                  000155c4    0000006c     bme688api.o (.text.calc_gas_resistance_low)
                  00015630    0000006c     ti_sysbios_config.o (.text.ti_sysbios_family_arm_m3_Hwi_dispatchC)
                  0001569c    0000006c     OneLib.a : ll_isr.o (.text)
                  00015708    0000006c     StackWrapper.a : osal_cbtimer.o (.text)
                  00015774    0000006a     nvocmp.o (.text.NVOCMP_verifyCRC)
                  000157de    0000006a     bme688api.o (.text.set_mem_page)
                  00015848    0000006a     libc.a : copy_decompress_lzss.c.obj (.text:decompress:lzss)
                  000158b2    00000002     rom_init.o (.text.MAP_llProcessPeriodicScanRxFIFO)
                  000158b4    00000068     drivers_cc13x2x7.a : AESECBCC26XX.c.obj (.text.AESECB_construct)
                  0001591c    00000068                        : AESECBCC26XX.c.obj (.text.AESECB_hwiFxn)
                  00015984    00000068     icall.o (.text.ICall_enrollService)
                  000159ec    00000068     icall.o (.text.ICall_send)
                  00015a54    00000068     icall.o (.text.ICall_sendServiceComplete)
                  00015abc    00000068     driverlib.lib : chipinfo.o (.text.NOROM_ChipInfo_GetChipType)
                  00015b24    00000068     rf_multiMode_cc13x2.a : RFCC26X2_multiMode.c.cc13x2.ticlang.o (.text.RF_detachOverrides)
                  00015b8c    00000068     drivers_cc13x2x7.a : UART2CC26X2.c.obj (.text.UART2Support_dmaStopRx)
                  00015bf4    00000068     two_btn_menu.o (.text.tbm_displayItem)
                  00015c5c    00000068     ti_sysbios_config.o (.text.ti_sysbios_knl_Event_post)
                  00015cc4    00000068     ti_sysbios_config.o (.text.ti_sysbios_knl_Swi_run)
                  00015d2c    00000068     OneLib.a : gap_task.o (.text)
                  00015d94    00000068              : gattservapp.o (.text)
                  00015dfc    00000068              : ll.o (.text)
                  00015e64    00000068              : ll_ae.o (.text)
                  00015ecc    00000068     StackWrapper.a : osal_timers.o (.text)
                  00015f34    00000066     OneLib.a : ll_common.o (.text)
                  00015f9a    00000066     StackWrapper.a : icall_lite_translation.o (.text)
                  00016000    00000064     drivers_cc13x2x7.a : AESCCMCC26XX.c.obj (.text.AESCCM_hwiFxn)
                  00016064    00000064     display_cc13x2x7.a : DisplayUart2.c.obj (.text.DisplayUart2Ansi_open)
                  000160c8    00000064     drivers_cc13x2x7.a : PowerCC26X2_calibrateRCOSC.c.obj (.text.PowerCC26X2_initiateCalibration)
                  0001612c    00000064     rf_multiMode_cc13x2.a : RFCC26X2_multiMode.c.cc13x2.ticlang.o (.text.RF_attachOverrides)
                  00016190    00000064                           : RFCC26X2_multiMode.c.cc13x2.ticlang.o (.text.RF_dispatchNextEvent)
                  000161f4    00000064                           : RFCC26X2_multiMode.c.cc13x2.ticlang.o (.text.RF_hwiCpe0PowerFsm)
                  00016258    00000064     drivers_cc13x2x7.a : UDMACC26XX.c.obj (.text.UDMACC26XX_open)
                  000162bc    00000064                        : PowerCC26X2.c.obj (.text.oscillatorISR)
                  00016320    00000064     ti_sysbios_config.o (.text.ti_sysbios_gates_GateMutexPri_leave)
                  00016384    00000064     ti_sysbios_config.o (.text.ti_sysbios_knl_Idle_init)
                  000163e8    00000064     ti_sysbios_config.o (.text.ti_sysbios_knl_TaskSupport_buildTaskStack)
                  0001644c    00000064     OneLib.a : gapgattserver.o (.text)
                  000164b0    00000064              : gattservapp.o (.text)
                  00016514    00000064              : ll_scheduler.o (.text)
                  00016578    00000062     rf_multiMode_cc13x2.a : RFCC26X2_multiMode.c.cc13x2.ticlang.o (.text.RF_syncCb)
                  000165da    00000002     rom_init.o (.text.MAP_llSetPeriodicSyncInfo)
                  000165dc    00000062     libclang_rt.builtins.a : aeabi_dcmp.S.obj (.text)
                  0001663e    00000002     rom_init.o (.text.MAP_llTerminatePeriodicScan)
                  00016640    00000060     drivers_cc13x2x7.a : CryptoResourceCC26XX.c.obj (.text.CryptoResourceCC26XX_constructRTOSObjects)
                  000166a0    00000060     nvocmp.o (.text.NVOCMP_checkItem)
                  00016700    00000060     drivers_cc13x2x7.a : PKAResourceCC26XX.c.obj (.text.PKAResourceCC26XX_constructRTOSObjects)
                  00016760    00000060     bme688api.o (.text.calc_temperature)
                  000167c0    00000060     drivers_cc13x2x7.a : SPICC26X2DMA.c.obj (.text.csnCallback)
                  00016820    00000060     osal_icall_ble.o (.text.stack_main)
                  00016880    00000060     ti_sysbios_config.o (.text.ti_sysbios_knl_Clock_walkQueueDynamic)
                  000168e0    00000060     ti_sysbios_config.o (.text.ti_sysbios_knl_Semaphore_post)
                  00016940    00000060     ti_sysbios_config.o (.text.ti_sysbios_knl_Swi_schedule)
                  000169a0    00000060     OneLib.a : ll_ae.o (.text)
                  00016a00    00000060              : ll_ae.o (.text)
                  00016a60    00000060              : ll_common.o (.text)
                  00016ac0    00000060              : sm_pairing.o (.text)
                  00016b20    00000060     StackWrapper.a : gapbondmgr.o (.text)
                  00016b80    0000005e     rf_multiMode_cc13x2.a : rfc.c.cc13x2.ticlang.o (.text.NOROM_RFCAnaDivTxOverride)
                  00016bde    0000005e     OneLib.a : ll_common.o (.text)
                  00016c3c    0000005c     drivers_cc13x2x7.a : TRNGCC26XX.c.obj (.text.TRNGCC26XX_startTrng)
                  00016c98    0000005c     libclang_rt.builtins.a : divmoddi4.c.obj (.text.__divmoddi4)
                  00016cf4    0000005c     bme688api.o (.text.bme68x_get_meas_dur)
                  00016d50    0000005c     bme688api.o (.text.bme68x_soft_reset)
                  00016dac    0000005c     bme688config.o (.text.bme68x_spi_write)
                  00016e08    0000005c     bme688config.o (.text.get_data)
                  00016e64    0000005c     rf_multiMode_cc13x2.a : rf_patch_mce_bt5.c.cc13x2.ticlang.o (.text.rf_patch_mce_bt5)
                  00016ec0    0000005c     simple_gatt_profile.o (.text.simpleProfile_ReadAttrCB)
                  00016f1c    0000005c     OneLib.a : gap_perilinkmgr.o (.text)
                  00016f78    0000005c              : ll_scheduler.o (.text)
                  00016fd4    0000005c              : sm_intpairing.o (.text)
                  00017030    0000005c              : sm_rsppairing.o (.text)
                  0001708c    0000005a              : hci.o (.text)
                  000170e6    00000002     rom_init.o (.text.MAP_llUpdateCteState)
                  000170e8    00000058     drivers_cc13x2x7.a : ECDHCC26X2.c.obj (.text.ECDH_construct)
                  00017140    00000058     icall.o (.text.HEAPMGR_GETLARGESTFREEBUF)
                  00017198    00000058     icall.o (.text.ICall_fetchMsg)
                  000171f0    00000058     rf_multiMode_cc13x2.a : RFCC26X2_multiMode.c.cc13x2.ticlang.o (.text.RF_applyRfCorePatch)
                  00017248    00000058     drivers_cc13x2x7.a : TRNGCC26XX.c.obj (.text.TRNG_init)
                  000172a0    00000058     bme688api.o (.text.bme68x_get_regs)
                  000172f8    00000058     sysbios.a : Hwi_asm_switch_gnu.obj (.text.ti_sysbios_family_arm_m3_Hwi_initStacks)
                  00017350    00000058     OneLib.a : ll_ae.o (.text)
                  000173a8    00000058              : ll_common.o (.text)
                  00017400    00000058              : ll_enc.o (.text)
                  00017458    00000058              : ll_isr.o (.text)
                  000174b0    00000058              : sm_pairing.o (.text)
                  00017508    00000058     StackWrapper.a : sm_ecc.o (.text)
                  00017560    00000056     drivers_cc13x2x7.a : StructRingBuf.c.obj (.text.StructRingBuf_put)
                  000175b6    00000056                        : UART2.c.obj (.text.UART2_readCancel)
                  0001760c    00000054                        : AESCCMCC26XX.c.obj (.text.AESCCM_construct)
                  00017660    00000054     icall.o (.text.ICall_registerApp)
                  000176b4    00000054     nvocmp.o (.text.NVOCMP_compactNvApi)
                  00017708    00000054     nvocmp.o (.text.NVOCMP_getDstPage)
                  0001775c    00000054     rf_multiMode_cc13x2.a : RFCC26X2_multiMode.c.cc13x2.ticlang.o (.text.RF_fsmXOSCState)
                  000177b0    00000054                           : RFCC26X2_multiMode.c.cc13x2.ticlang.o (.text.RF_getCurrentTime)
                  00017804    00000054     simple_peripheral.o (.text.SimplePeripheral_updateRPA)
                  00017858    00000054     util.o (.text.Util_constructClock)
                  000178ac    00000054     OneLib.a : gattservapp.o (.text)
                  00017900    00000054              : hci_event.o (.text)
                  00017954    00000054              : linkdb.o (.text)
                  000179a8    00000054              : ll.o (.text)
                  000179fc    00000054              : ll_ae.o (.text)
                  00017a50    00000054     StackWrapper.a : osal_bufmgr.o (.text)
                  00017aa4    00000052     OneLib.a : gap_centlinkmgr.o (.text)
                  00017af6    00000002     rom_init.o (.text.MAP_llUpdatePeriodicAdvChainPacket)
                  00017af8    00000050     ti_drivers_config.o (.text.Board_shutDownExtFlash)
                  00017b48    00000050     display_cc13x2x7.a : Display.c.obj (.text.Display_doOpen)
                  00017b98    00000050     nvocmp.o (.text.NVOCMP_loadApiPtrsMin)
                  00017be8    00000050     rf_multiMode_cc13x2.a : RFCC26X2_multiMode.c.cc13x2.ticlang.o (.text.RF_wakeupNotification)
                  00017c38    00000050     simple_gatt_profile.o (.text.SimpleProfile_AddService)
                  00017c88    00000050     ti_sysbios_config.o (.text.ti_sysbios_knl_Swi_post)
                  00017cd8    00000050     ti_sysbios_config.o (.text.ti_sysbios_knl_Swi_runLoop)
                  00017d28    00000050     ti_sysbios_config.o (.text.ti_sysbios_knl_Task_schedule)
                  00017d78    00000050     OneLib.a : gap_perilinkmgr.o (.text)
                  00017dc8    00000050              : gap_scanner.o (.text)
                  00017e18    00000050              : hci_tl.o (.text)
                  00017e68    00000050              : ll_enc.o (.text)
                  00017eb8    00000050     StackWrapper.a : gattservapp_util.o (.text)
                  00017f08    00000050                    : osal.o (.text)
                  00017f58    00000050                    : osal_clock.o (.text)
                  00017fa8    0000004e     ti_drivers_config.o (.text.Board_sendExtFlashByte)
                  00017ff6    0000004e     nvocmp.o (.text.NVOCMP_readItem)
                  00018044    0000004e     StackWrapper.a : gap.o (.text)
                  00018092    0000004c     drivers_cc13x2x7.a : AESECBCC26XX.c.obj (.text.AESECB_startOperation)
                  000180de    00000002     rf_multiMode_cc13x2.a : rfc.c.cc13x2.ticlang.o (.text.NOROM_RFCCpePatchReset)
                  000180e0    0000004c     ti_sysbios_config.o (.text.BIOS_startFunc)
                  0001812c    0000004c     bme688service.o (.text.Bme688service_AddService)
                  00018178    0000004c     drivers_cc13x2x7.a : CryptoUtils.c.obj (.text.CryptoUtils_reverseCopyPad)
                  000181c4    0000004c     icall.o (.text.ICall_newTask)
                  00018210    0000004c     driverlib.lib : osc.o (.text.NOROM_OSC_HPOSCRelativeFrequencyOffsetGet)
                  0001825c    0000004c     nvocmp.o (.text.NVOCMP_setItemInactive)
                  000182a8    0000004c     drivers_cc13x2x7.a : NVSCC26XX.c.obj (.text.NVSCC26XX_init)
                  000182f4    0000004c                        : NVSCC26XX.c.obj (.text.NVSCC26XX_read)
                  00018340    0000004c     simple_peripheral.o (.text.SimplePeripheral_doSelectConn)
                  0001838c    0000004c     drivers_cc13x2x7.a : StructRingBuf.c.obj (.text.StructRingBuf_get)
                  000183d8    0000004c     rf_multiMode_cc13x2.a : rf_patch_cpe_bt5.c.cc13x2.ticlang.o (.text.configureBt5Patch)
                  00018424    0000004c     drivers_cc13x2x7.a : SPICC26X2DMA.c.obj (.text.initHw)
                  00018470    0000004c                        : PowerCC26X2.c.obj (.text.switchXOSCHF)
                  000184bc    0000004c     ti_sysbios_config.o (.text.ti_sysbios_knl_Swi_Instance_init)
                  00018508    0000004c     ti_sysbios_config.o (.text.ti_sysbios_runtime_Startup_exec)
                  00018554    0000004c     OneLib.a : ble.o (.text)
                  000185a0    0000004c              : ll_scheduler.o (.text)
                  000185ec    0000004c              : ll_scheduler.o (.text)
                  00018638    00000048     driverlib.lib : aux_sysif.o (.text.NOROM_AUXSYSIFOpModeChange)
                  00018680    00000048     rf_multiMode_cc13x2.a : rfc.c.cc13x2.ticlang.o (.text.NOROM_RFCSynthPowerDown)
                  000186c8    00000048     drivers_cc13x2x7.a : NVS.c.obj (.text.NVS_open)
                  00018710    00000048                        : PowerCC26X2.c.obj (.text.PowerCC26XX_switchXOSC_HF)
                  00018758    00000048     simple_peripheral.o (.text.SimplePeripheral_clearConnListEntry)
                  000187a0    00000048     ti_sysbios_config.o (.text.ti_sysbios_family_arm_cc26xx_Timer_start)
                  000187e8    00000048     OneLib.a : att_util.o (.text)
                  00018830    00000048              : gattservapp.o (.text)
                  00018878    00000048              : ll.o (.text)
                  000188c0    00000048              : ll.o (.text)
                  00018908    00000048              : ll_common.o (.text)
                  00018950    00000048              : ll_common.o (.text)
                  00018998    00000048     libclang_rt.builtins.a : fixdfsi.S.obj (.text)
                  000189e0    00000046     drivers_cc13x2x7.a : RingBuf.c.obj (.text.RingBuf_put)
                  00018a26    00000002     rf_multiMode_cc13x2.a : RFCC26X2_multiMode.c.cc13x2.ticlang.o (.text.RF_defaultCallback)
                  00018a28    00000044     ti_sysbios_config.o (.text.BIOS_atExitFunc)
                  00018a6c    00000044     drivers_cc13x2x7.a : GPIOCC26X2.c.obj (.text.GPIO_hwiIntFxn)
                  00018ab0    00000044     icall.o (.text.ICall_getEntityId)
                  00018af4    00000044     driverlib.lib : prcm.o (.text.NOROM_PRCMPowerDomainsAllOff)
                  00018b38    00000044                   : prcm.o (.text.NOROM_PRCMPowerDomainsAllOn)
                  00018b7c    00000044     rf_multiMode_cc13x2.a : RFCC26X2_multiMode.c.cc13x2.ticlang.o (.text.RF_cmdGet)
                  00018bc0    00000044                           : RFCC26X2_multiMode.c.cc13x2.ticlang.o (.text.RF_updatePowerupDuration)
                  00018c04    00000044     drivers_cc13x2x7.a : SPI.c.obj (.text.SPI_init)
                  00018c48    00000044     two_btn_menu.o (.text.tbm_goTo)
                  00018c8c    00000044     ti_sysbios_config.o (.text.ti_sysbios_family_arm_m3_Hwi_Instance_finalize)
                  00018cd0    00000044     ti_sysbios_config.o (.text.ti_sysbios_family_arm_m3_Hwi_construct2)
                  00018d14    00000044     ti_sysbios_config.o (.text.ti_sysbios_family_arm_m3_Hwi_disableInterrupt)
                  00018d58    00000044     ti_sysbios_config.o (.text.ti_sysbios_family_arm_m3_Hwi_enableInterrupt)
                  00018d9c    00000044     ti_sysbios_config.o (.text.ti_sysbios_knl_Swi_restore)
                  00018de0    00000044     OneLib.a : ll.o (.text)
                  00018e24    00000044              : ll.o (.text)
                  00018e68    00000044              : ll.o (.text)
                  00018eac    00000044              : ll_ae.o (.text)
                  00018ef0    00000044              : ll_ae.o (.text)
                  00018f34    00000044              : ll_common.o (.text)
                  00018f78    00000044     StackWrapper.a : osal.o (.text)
                  00018fbc    00000044                    : osal_timers.o (.text)
                  00019000    00000044     libclang_rt.builtins.a : fixunsdfsi.S.obj (.text)
                  00019044    00000042     simple_peripheral.o (.text.SimplePeripheral_passcodeCb)
                  00019086    00000042     OneLib.a : ll.o (.text)
                  000190c8    00000042              : ll_common.o (.text)
                  0001910a    00000040     drivers_cc13x2x7.a : AESCTRDRBGXX.c.obj (.text.AESCTRDRBGXX_addBigendCounter)
                  0001914a    00000002                        : UART2CC26X2.c.obj (.text.UART2CC26X2_eventCallback)
                  0001914c    00000040     bme688.o (.text.BME688_createTask)
                  0001918c    00000040     drivers_cc13x2x7.a : ECDHCC26X2.c.obj (.text.ECDHCC26X2_waitForResult)
                  000191cc    00000040                        : GPIOCC26XX.c.obj (.text.GPIO_getConfig)
                  0001920c    00000040     icall.o (.text.ICall_setTimerMSecs)
                  0001924c    00000040     drivers_cc13x2x7.a : PowerCC26X2_calibrateRCOSC.c.obj (.text.PowerCC26X2_RCOSC_clockFunc)
                  0001928c    00000040                        : PowerCC26X2_calibrateRCOSC_helpers.c.obj (.text.PowerCC26X2_setAclkRefSrc)
                  000192cc    00000040                        : SPI.c.obj (.text.SPI_open)
                  0001930c    00000040     simple_peripheral.o (.text.SimplePeripheral_stopAutoPhyChange)
                  0001934c    00000040     simple_gatt_profile.o (.text.SimpleProfile_GetParameter)
                  0001938c    00000040     util.o (.text.Util_convertBdAddr2Str)
                  000193cc    00000040     drivers_cc13x2x7.a : NVSCC26XX.c.obj (.text.disableFlashCache)
                  0001940c    00000040     two_btn_menu.o (.text.tbm_buttonRight)
                  0001944c    00000040     ti_sysbios_config.o (.text.ti_sysbios_knl_Clock_getTicksUntilInterrupt)
                  0001948c    00000040     ti_sysbios_config.o (.text.ti_sysbios_knl_Task_exit)
                  000194cc    00000040     OneLib.a : gap_configmgr.o (.text)
                  0001950c    00000040              : gattservapp.o (.text)
                  0001954c    00000040              : linkdb.o (.text)
                  0001958c    00000040              : ll_common.o (.text)
                  000195cc    00000040              : ll_common.o (.text)
                  0001960c    00000040              : sm_intpairing.o (.text)
                  0001964c    00000040     StackWrapper.a : osal.o (.text)
                  0001968c    00000040                    : osal_bufmgr.o (.text)
                  000196cc    00000040                    : osal_bufmgr.o (.text)
                  0001970c    00000040                    : osal_timers.o (.text)
                  0001974c    0000003e     OneLib.a : ll_common.o (.text)
                  0001978a    00000002     libclang_rt.builtins.a : aeabi_div0.c.obj (.text.__aeabi_ldiv0)
                  0001978c    0000003c     drivers_cc13x2x7.a : GPIO.c.obj (.text.GPIO_resetConfig)
                  000197c8    0000003c     ti_sysbios_config.o (.text.HwiP_construct)
                  00019804    0000003c     icall.o (.text.ICall_dispatch)
                  00019840    0000003c     driverlib.lib : sys_ctrl.o (.text.NOROM_SysCtrlIdle)
                  0001987c    0000003c     nvocmp.o (.text.NVOCMP_getFreeNvApi)
                  000198b8    0000003c     drivers_cc13x2x7.a : PowerCC26X2_calibrateRCOSC_helpers.c.obj (.text.PowerCC26X2_setTdcClkSrc24M)
                  000198f4    0000003c     simple_peripheral.o (.text.SimplePeripheral_clockHandler)
                  00019930    0000003c     ti_sysbios_config.o (.text.ti_sysbios_family_arm_cc26xx_Timer_periodicStub)
                  0001996c    0000003c     ti_sysbios_config.o (.text.ti_sysbios_family_arm_cc26xx_Timer_setThreshold)
                  000199a8    0000003c     ti_sysbios_config.o (.text.ti_sysbios_heaps_HeapCallback_construct)
                  000199e4    0000003c     ti_sysbios_config.o (.text.ti_sysbios_knl_ClockSupport_init)
                  00019a20    0000003c     ti_sysbios_config.o (.text.ti_sysbios_knl_Task_blockI)
                  00019a5c    0000003c     ti_sysbios_config.o (.text.ti_sysbios_knl_Task_create)
                  00019a98    0000003c     ti_sysbios_config.o (.text.ti_sysbios_knl_Task_restore)
                  00019ad4    0000003c     ti_sysbios_config.o (.text.ti_sysbios_runtime_Memory_alloc)
[...]
20000fb9  l2capTaskID                                                     
20000fba  l2capNumChannels                                                
20000fbb  l2capNumDataPkts                                                
20000fbc  l2capNumPSM                                                     
20000fbd  l2capNumCoChannels                                              
20000fbe  l2cap_gattServAppTaskID                                         
20000fbf  l2capId                                                         
20000fc1  linkDBNumConns                                                  
20000fc2  linkDB_secureConnectionOnlyMode                                 
20000fc3  maxPduSize                                                      
20000fc4  rfFeModeBias                                                    
20000fc5  defaultPhy                                                      
20000fc6  maxNumTxDataBufs                                                
20000fc7  LL_TaskID                                                       
20000fc8  llState                                                         
20000fc9  rssiCorrection                                                  
20000fca  curTxPowerVal                                                   
20000fcb  maxTxPwrForDTM                                                  
20000fcc  onePktPerEvt                                                    
20000fcd  numComplPkts                                                    
20000fce  numComplPktsLimit                                               
20000fcf  numComplPktsFlush                                               
20000fd0  fastTxRespTime                                                  
20000fd1  slOverride                                                      
20000fd2  rxFifoFlowCtrl                                                  
20000fd3  numTxDataBufs                                                   
20000fd4  maxNumConns                                                     
20000fd5  aeCurHandle                                                     
20000fd6  aeCurAdvEnableHandle                                            
20000fd7  aeCurConnHandle                                                 
20000fd8  extScanIndex                                                    
20000fd9  extInitIndex                                                    
20000fda  scanState                                                       
20000fdb  lastPrimPhy                                                     
20000fdc  lastScanRsp                                                     
20000fdd  smTaskID                                                        
20000fde  SM_appExpectingKey                                              
20001a50  PowerCC26X2_module                                              
20001ef8  gapAttrTbl                                                      
200020a8  gpioPinConfigs                                                  
20002124  ICall_dispatcher                                                
200021a2  bleUserCfg_maxPduSize                                           
2000221c  llUserConfig                                                    
2000228c  txPowerTable_2400_pa5_10                                        
200022f6  disconnectImmedConnId                                           
20002360  BIOS_Module_state                                               
2000238c  ti_sysbios_family_arm_m3_Hwi_Module_state                       
200023c8  ti_sysbios_runtime_Startup_done                                 
200023cb  ti_sysbios_knl_Idle_initDone                                    
200023cc  ti_sysbios_runtime_Memory_defaultHeapInstance                   
200023e4  ti_sysbios_runtime_Error_ignore                                 
200023f0  ti_sysbios_family_arm_cc26xx_Timer_Module_state                 
200023fc  ti_sysbios_runtime_System_Module_state                          
20002408  ti_sysbios_knl_Swi_Module_state                                 
20002430  ti_sysbios_knl_Clock_Module_state                               
200026d8  pOverrides_bleCommon                                            
20002730  gattAttrTbl                                                     
20002770  sm_eccKeys_sc_host_debug                                        
200027b0  nvintfFncStruct                                                 
200027ec  ti_sysbios_knl_Task_Module_state                                
200028ba  llUserConfig_maxPduSize                                         
2000290c  argPeriodic                                                     
2000290d  argRpaRead                                                      
2000290e  autoConnect                                                     
20002914  dispHandle                                                      
20002930  eccParams_NISTP256                                              
20002954  pOverrides_ble2Mbps                                             
20002978  pOverrides_bleTxStd                                             
2000299c  pOverrides_bleTx20                                              
200029bc  advParams1                                                      
200029d8  advParams2                                                      
200029f4  scanResData1                                                    
20002a10  pOverrides_ble1Mbps                                             
20002a28  attDeviceName                                                   
20002a3e  baseTaskID                                                      
20002a44  ICall_enterCriticalSection                                      
20002a48  ICall_leaveCriticalSection                                      
20002a4c  heapmgrMemFreeTotal                                             
20002a68  DisplayUart2Ansi_escInitial                                     
20002af0  RF_modeBle                                                      
20002b00  _hposcCoeffs                                                    
20002b10  bleAppServiceInfoTable                                          
20002b20  pOverrides_bleCoded                                             
20002b30  user0Cfg                                                        
20002b40  gattAttrTbl_gatt_no_service_changed                             
20002b50  sizeInfo                                                        
20002b60  pairMode                                                        
20002b61  mitm                                                            
20002b62  ioCap                                                           
20002b63  bonding                                                         
20002b64  secureConnection                                                
20002b65  authenPairingOnly                                               
20002b66  autoSyncWL                                                      
20002b67  eccReGenPolicy                                                  
20002b68  KeySize                                                         
20002b69  removeLRUBond                                                   
20002b6a  KeyDistList                                                     
20002b6b  eccDebugKeys                                                    
20002b6c  allowDebugKeys                                                  
20002b6d  eraseBondWhileInConn                                            
20002b6e  sameIrkAction                                                   
20002b7e  PKAResourceCC26XX_pollingFlag                                   
20002b90  bmeRegistered                                                   
20002ba8  advData1                                                        
20002bb3  advData2                                                        
20002be0  RFCC26XX_schedulerPolicy                                        
20002be8  ti_sysbios_gates_GateMutexPri_Module_state                      
20002bf0  ti_sysbios_heaps_HeapCallback_Module_state                      
20002bf8  ti_sysbios_knl_Event_state                                      
20002c00  ti_sysbios_knl_Semaphore_Module_state                           
20002c08  periConnParameters                                              
20002c10  DisplayUart2Ansi_escClearScreen                                 
20002c1c  _lock                                                           
20002c20  _unlock                                                         
20002c24  appAssertCback                                                  
20002c28  appKeyChangeHandler                                             
20002c2c  icallServiceTblPtr                                              
20002c34  pRandomAddress                                                  
20002c38  pRfErrCb                                                        
20002c3c  pfnBMAlloc                                                      
20002c40  pfnBMFree                                                       
20002c44  patchedSlaveCtrlPktList                                         
20002c48  halAssertCback                                                  
20002c62  deviceNameCharProps                                             
20002c63  appearanceCharProps                                             
20002c64  periConnParamCharProps                                          
20002c65  centAddrResCharProps                                            
20002c66  centAddrRes                                                     
20002c67  resolvablePrivateAddressOnlyCharProps                           
20002c68  GATTServApp_gatt_no_service_changed                             
20002c6a  qosDefaultPriorityConnParameter                                 
20002c6b  extScanChanMap                                                  
20002c6c  sizeOfAllExtConnParam                                           
20002c6d  rfRatHandle                                                     
20002c6e  smAllowDebugKeysMode                                            
20002c6f  gapEndAppTaskID                                                 
20002c70  gapAppTaskID                                                    
20002c71  legacyMode                                                      
20003078  spTaskStack                                                     
20003478  ti_sysbios_knl_Idle_taskStack                                   
20003a38  uart2CC26X2Objects                                              
20003ba8  rfObject                                                        
20003ca8  spiCC26X2DMAObjects                                             
20003da8  ti_sysbios_family_arm_m3_Hwi_dispatchTable                      
20003f40  trngCC26XXObjects                                               
20004044  gpioCallbackFunctions                                           
200040c0  gpioUserArgs                                                    
2000413c  cbTimers                                                        
20004220  ti_sysbios_knl_ClockSupport_timerStruct                         
20004280  spTask                                                          
200042d8  ti_sysbios_knl_Idle_taskStruct                                  
20004330  aesctrdrbgXXObjects                                             
20004384  CryptoResourceCC26XX_accessSemaphore                            
200043d4  CryptoResourceCC26XX_operationSemaphore                         
20004424  PKAResourceCC26XX_accessSemaphore                               
20004474  PKAResourceCC26XX_operationSemaphore                            
2000454c  aesctrCC26XXObjects                                             
200045c8  nvFptrs                                                         
20004604  ti_sysbios_knl_Swi_readyQs                                      
20004634  ti_sysbios_knl_Task_readyQs                                     
20004664  NVOCMP_nvHandle                                                 
20004692  appearance                                                      
20004694  rfSetup                                                         
200046c0  llCteSamples                                                    
200046e4  aesecbCC26XXObjects                                             
20004748  req                                                             
20004768  extInitCmd                                                      
20004788  extScanCmd                                                      
200047a8  gapBond_remoteOobData                                           
200047c8  gapBond_localOobData                                            
200047e8  ecdhCC26X2Objects                                               
20004808  ti_sysbios_runtime_System_atexitHandlers                        
20004828  udmaCC26XXObject                                                
20004864  BIOS_heapCallbackObject                                         
20004880  BIOS_rtsGate                                                    
2000489c  CryptoResourceCC26XX_hwi                                        
200048b8  PKAResourceCC26XX_hwi                                           
200048d4  deviceName                                                      
200048ec  aesccmCC26XXObjects                                             
20004918  spMenuAutoConnect                                               
2000492c  spMenuConnPhy                                                   
20004940  spMenuMain                                                      
20004954  spMenuPerConn                                                   
20004968  spMenuSelectConn                                                
2000497c  rfMode                                                          
2000498c  llCteTest                                                       
20004998  cteAntennaProp                                                  
200049a4  llTaskList                                                      
200049b0  displayUart2Object                                              
200049c4  defaultChannelMap                                               
200049cc  secondaryAdvChannelMap                                          
200049d4  llRfCmdPreemption                                               
20004a00  ggs_AppCBs                                                      
20004a08  BDAddrPerConnHandle                                             
20004a0c  llCte                                                           
20004a10  llConnExtParam                                                  
20004a14  extStackSettings                                                
20004a18  trngHandle                                                      
20004a1c  LSTORecoveryArr                                                 
20004a20  pNextAdvSet                                                     
20004a24  llCurrentMappedChan                                             
20004a28  drbgHandle                                                      
20004a2c  pRpaCfg                                                         
20004a30  gapBond_lruBondList                                             
20004a34  gapBondStateNodeHead                                            
20004a38  osal_syncHandle                                                 
20004a3c  osal_icallMsg_hook                                              
20004a40  osal_qHead                                                      
20004a44  osal_max_msecs                                                  
20004a48  osal_tickperiod                                                 
20004a4c  osal_eventloop_hook                                             
20004a58  OSAL_timeSeconds                                                
20004a5c  timerHead                                                       
20004a64  osal_last_timestamp                                             
20004a68  HEAPMGR_SIZE                                                    
20004a6c  PowerCC26XX_swiKey                                              
20004a70  PowerCC26XX_taskKey                                             
20004a74  gBME                                                            
20004a78  tasksEvents                                                     
20004a7c  ti_sysbios_family_arm_cc26xx_TimestampProvider_Module_state     
20004a80  ti_sysbios_knl_Task_defaultStackHeap                            
20004a84  maximumPduSize                                                  
20004a88  pwrmgr_attribute                                                
20004a8a  resolvablePrivateAddressOnly                                    
20004a8b  GATTServApp_att_delayed_req                                     
20004a8c  hciTaskID                                                       
20004a8d  hciL2capTaskID                                                  
20004a8e  hciGapTaskID                                                    
20004a8f  hciSmpTaskID                                                    
20004a90  hciTestTaskID                                                   
20004a91  hciVsEvtMask                                                    
20004a92  scanReqRpt                                                      
20004a93  secondaryAdvChannelMapPopCount                                  
20004a94  qosDefaultPriorityAdvParameter                                  
20004a95  maxNumCteDataBufs                                               
20004a96  numActiveAdvSets                                                
20004a97  wlSize                                                          
20004a98  rlSize                                                          
20004a99  decryptResult                                                   
20004a9a  llUnhandleNextIntFlag                                           
20004a9b  smAuthenPairingOnlyMode                                         
20004a9c  icall_liteTaskId                                                
20004a9d  gapBond_removeLRUBond                                           
20004a9e  gapBond_syncRL                                                  
20004a9f  assertSubcause                                                  
20004aa0  osal_entity                                                     
20004aa1  pwrmgr_initialized                                              
20004aa2  NVOCMP_size                                                     
20004aa3  gAction                                                         
20004aa4  nvsCC26XXObjects                                                
20004aa5  tbmRowItemLast                                                  
20004aa6  heapStart                                                       
20023c00  __stack                                                         
20023c00  heapEnd                                                         
20024000  __STACK_END                                                     
20024000  __STACK_TOP                                                     
20024000  __UNUSED_SRAM_end__                                             
ffffffff  __TI_pprof_out_hndl                                             
ffffffff  __TI_prof_data_size                                             
ffffffff  __TI_prof_data_start                                            
ffffffff  __binit__                                                       
ffffffff  binit                                                           
UNDEFED   ITM_flush                                                       
UNDEFED   ITM_restore                                                     
UNDEFED   __c_args__                                                      
UNDEFED   __mpu_init                                                      

[2688 symbols]
